Archive member included to satisfy reference by file (symbol)

/usr/lib/gcc/arm-none-eabi/10.3.1/thumb/v7e-m/nofp/libgcc.a(_arm_muldf3.o)
                              CMakeFiles/STM32F4_BOOT.dir/boot/app/override/_printf_.c.obj (__aeabi_dmul)
/usr/lib/gcc/arm-none-eabi/10.3.1/thumb/v7e-m/nofp/libgcc.a(_arm_addsubdf3.o)
                              CMakeFiles/STM32F4_BOOT.dir/boot/app/override/_printf_.c.obj (__aeabi_dsub)
/usr/lib/gcc/arm-none-eabi/10.3.1/thumb/v7e-m/nofp/libgcc.a(_arm_muldivdf3.o)
                              CMakeFiles/STM32F4_BOOT.dir/boot/app/override/_printf_.c.obj (__aeabi_ddiv)
/usr/lib/gcc/arm-none-eabi/10.3.1/thumb/v7e-m/nofp/libgcc.a(_arm_cmpdf2.o)
                              CMakeFiles/STM32F4_BOOT.dir/boot/app/override/_printf_.c.obj (__aeabi_dcmpeq)
/usr/lib/gcc/arm-none-eabi/10.3.1/thumb/v7e-m/nofp/libgcc.a(_arm_fixdfsi.o)
                              CMakeFiles/STM32F4_BOOT.dir/boot/app/override/_printf_.c.obj (__aeabi_d2iz)
/usr/lib/gcc/arm-none-eabi/10.3.1/thumb/v7e-m/nofp/libgcc.a(_arm_fixunsdfsi.o)
                              CMakeFiles/STM32F4_BOOT.dir/boot/app/override/_printf_.c.obj (__aeabi_d2uiz)
/usr/lib/gcc/arm-none-eabi/10.3.1/thumb/v7e-m/nofp/libgcc.a(_aeabi_uldivmod.o)
                              CMakeFiles/STM32F4_BOOT.dir/boot/app/override/_printf_.c.obj (__aeabi_uldivmod)
/usr/lib/gcc/arm-none-eabi/10.3.1/thumb/v7e-m/nofp/libgcc.a(_udivmoddi4.o)
                              /usr/lib/gcc/arm-none-eabi/10.3.1/thumb/v7e-m/nofp/libgcc.a(_aeabi_uldivmod.o) (__udivmoddi4)
/usr/lib/gcc/arm-none-eabi/10.3.1/thumb/v7e-m/nofp/libgcc.a(_dvmd_tls.o)
                              /usr/lib/gcc/arm-none-eabi/10.3.1/thumb/v7e-m/nofp/libgcc.a(_aeabi_uldivmod.o) (__aeabi_ldiv0)
/usr/lib/gcc/arm-none-eabi/10.3.1/../../../arm-none-eabi/lib/thumb/v7e-m/nofp/libg_nano.a(lib_a-atexit.o)
                              /usr/lib/gcc/arm-none-eabi/10.3.1/../../../arm-none-eabi/lib/thumb/v7e-m/nofp/rdimon-crt0.o (atexit)
/usr/lib/gcc/arm-none-eabi/10.3.1/../../../arm-none-eabi/lib/thumb/v7e-m/nofp/libg_nano.a(lib_a-exit.o)
                              /usr/lib/gcc/arm-none-eabi/10.3.1/../../../arm-none-eabi/lib/thumb/v7e-m/nofp/rdimon-crt0.o (exit)
/usr/lib/gcc/arm-none-eabi/10.3.1/../../../arm-none-eabi/lib/thumb/v7e-m/nofp/libg_nano.a(lib_a-fini.o)
                              /usr/lib/gcc/arm-none-eabi/10.3.1/../../../arm-none-eabi/lib/thumb/v7e-m/nofp/rdimon-crt0.o (__libc_fini_array)
/usr/lib/gcc/arm-none-eabi/10.3.1/../../../arm-none-eabi/lib/thumb/v7e-m/nofp/libg_nano.a(lib_a-impure.o)
                              /usr/lib/gcc/arm-none-eabi/10.3.1/../../../arm-none-eabi/lib/thumb/v7e-m/nofp/libg_nano.a(lib_a-exit.o) (_global_impure_ptr)
/usr/lib/gcc/arm-none-eabi/10.3.1/../../../arm-none-eabi/lib/thumb/v7e-m/nofp/libg_nano.a(lib_a-init.o)
                              /usr/lib/gcc/arm-none-eabi/10.3.1/../../../arm-none-eabi/lib/thumb/v7e-m/nofp/rdimon-crt0.o (__libc_init_array)
/usr/lib/gcc/arm-none-eabi/10.3.1/../../../arm-none-eabi/lib/thumb/v7e-m/nofp/libg_nano.a(lib_a-memset.o)
                              /usr/lib/gcc/arm-none-eabi/10.3.1/../../../arm-none-eabi/lib/thumb/v7e-m/nofp/rdimon-crt0.o (memset)
/usr/lib/gcc/arm-none-eabi/10.3.1/../../../arm-none-eabi/lib/thumb/v7e-m/nofp/libg_nano.a(lib_a-__atexit.o)
                              /usr/lib/gcc/arm-none-eabi/10.3.1/../../../arm-none-eabi/lib/thumb/v7e-m/nofp/libg_nano.a(lib_a-atexit.o) (__register_exitproc)
/usr/lib/gcc/arm-none-eabi/10.3.1/../../../arm-none-eabi/lib/thumb/v7e-m/nofp/libg_nano.a(lib_a-__call_atexit.o)
                              /usr/lib/gcc/arm-none-eabi/10.3.1/../../../arm-none-eabi/lib/thumb/v7e-m/nofp/libg_nano.a(lib_a-__atexit.o) (__call_exitprocs)
/usr/lib/gcc/arm-none-eabi/10.3.1/../../../arm-none-eabi/lib/thumb/v7e-m/nofp/librdimon_nano.a(rdimon-syscalls.o)
                              /usr/lib/gcc/arm-none-eabi/10.3.1/../../../arm-none-eabi/lib/thumb/v7e-m/nofp/rdimon-crt0.o (initialise_monitor_handles)
/usr/lib/gcc/arm-none-eabi/10.3.1/../../../arm-none-eabi/lib/thumb/v7e-m/nofp/librdimon_nano.a(rdimon-_exit.o)
                              /usr/lib/gcc/arm-none-eabi/10.3.1/../../../arm-none-eabi/lib/thumb/v7e-m/nofp/libg_nano.a(lib_a-exit.o) (_exit)
/usr/lib/gcc/arm-none-eabi/10.3.1/../../../arm-none-eabi/lib/thumb/v7e-m/nofp/librdimon_nano.a(rdimon-_kill.o)
                              /usr/lib/gcc/arm-none-eabi/10.3.1/../../../arm-none-eabi/lib/thumb/v7e-m/nofp/librdimon_nano.a(rdimon-_exit.o) (_kill_shared)
/usr/lib/gcc/arm-none-eabi/10.3.1/../../../arm-none-eabi/lib/thumb/v7e-m/nofp/libc_nano.a(lib_a-errno.o)
                              /usr/lib/gcc/arm-none-eabi/10.3.1/../../../arm-none-eabi/lib/thumb/v7e-m/nofp/librdimon_nano.a(rdimon-syscalls.o) (__errno)
/usr/lib/gcc/arm-none-eabi/10.3.1/../../../arm-none-eabi/lib/thumb/v7e-m/nofp/libc_nano.a(lib_a-findfp.o)
[...]
Memory Configuration

Name             Origin             Length             Attributes
RAM              0x0000000020000000 0x0000000000020000 xrw
CCMRAM           0x0000000010000000 0x0000000000010000 xrw
FLASH            0x0000000008000000 0x0000000000080000 xr
*default*        0x0000000000000000 0xffffffffffffffff

Linker script and memory map

LOAD /usr/lib/gcc/arm-none-eabi/10.3.1/thumb/v7e-m/nofp/crti.o
LOAD /usr/lib/gcc/arm-none-eabi/10.3.1/thumb/v7e-m/nofp/crtbegin.o
LOAD /usr/lib/gcc/arm-none-eabi/10.3.1/../../../arm-none-eabi/lib/thumb/v7e-m/nofp/rdimon-crt0.o
LOAD CMakeFiles/STM32F4_BOOT.dir/boot/app/main.c.obj
LOAD CMakeFiles/STM32F4_BOOT.dir/boot/app/stm32f4xx_it.c.obj
LOAD CMakeFiles/STM32F4_BOOT.dir/platform/cmsis/device/system_stm32f4xx.c.obj
LOAD CMakeFiles/STM32F4_BOOT.dir/platform/driver/src/misc.c.obj
LOAD CMakeFiles/STM32F4_BOOT.dir/platform/driver/src/stm32f4xx_adc.c.obj
LOAD CMakeFiles/STM32F4_BOOT.dir/platform/driver/src/stm32f4xx_can.c.obj
LOAD CMakeFiles/STM32F4_BOOT.dir/platform/driver/src/stm32f4xx_cec.c.obj
LOAD CMakeFiles/STM32F4_BOOT.dir/platform/driver/src/stm32f4xx_crc.c.obj
LOAD CMakeFiles/STM32F4_BOOT.dir/platform/driver/src/stm32f4xx_cryp.c.obj
LOAD CMakeFiles/STM32F4_BOOT.dir/platform/driver/src/stm32f4xx_cryp_aes.c.obj
LOAD CMakeFiles/STM32F4_BOOT.dir/platform/driver/src/stm32f4xx_cryp_des.c.obj
LOAD CMakeFiles/STM32F4_BOOT.dir/platform/driver/src/stm32f4xx_cryp_tdes.c.obj
LOAD CMakeFiles/STM32F4_BOOT.dir/platform/driver/src/stm32f4xx_dac.c.obj
LOAD CMakeFiles/STM32F4_BOOT.dir/platform/driver/src/stm32f4xx_dbgmcu.c.obj
LOAD CMakeFiles/STM32F4_BOOT.dir/platform/driver/src/stm32f4xx_dcmi.c.obj
LOAD CMakeFiles/STM32F4_BOOT.dir/platform/driver/src/stm32f4xx_dfsdm.c.obj
LOAD CMakeFiles/STM32F4_BOOT.dir/platform/driver/src/stm32f4xx_dma.c.obj
LOAD CMakeFiles/STM32F4_BOOT.dir/platform/driver/src/stm32f4xx_dma2d.c.obj
LOAD CMakeFiles/STM32F4_BOOT.dir/platform/driver/src/stm32f4xx_dsi.c.obj
LOAD CMakeFiles/STM32F4_BOOT.dir/platform/driver/src/stm32f4xx_exti.c.obj
LOAD CMakeFiles/STM32F4_BOOT.dir/platform/driver/src/stm32f4xx_flash.c.obj
LOAD CMakeFiles/STM32F4_BOOT.dir/platform/driver/src/stm32f4xx_flash_ramfunc.c.obj
LOAD CMakeFiles/STM32F4_BOOT.dir/platform/driver/src/stm32f4xx_fmpi2c.c.obj
LOAD CMakeFiles/STM32F4_BOOT.dir/platform/driver/src/stm32f4xx_gpio.c.obj
LOAD CMakeFiles/STM32F4_BOOT.dir/platform/driver/src/stm32f4xx_hash.c.obj
LOAD CMakeFiles/STM32F4_BOOT.dir/platform/driver/src/stm32f4xx_hash_md5.c.obj
LOAD CMakeFiles/STM32F4_BOOT.dir/platform/driver/src/stm32f4xx_hash_sha1.c.obj
LOAD CMakeFiles/STM32F4_BOOT.dir/platform/driver/src/stm32f4xx_i2c.c.obj
LOAD CMakeFiles/STM32F4_BOOT.dir/platform/driver/src/stm32f4xx_iwdg.c.obj
LOAD CMakeFiles/STM32F4_BOOT.dir/platform/driver/src/stm32f4xx_lptim.c.obj
LOAD CMakeFiles/STM32F4_BOOT.dir/platform/driver/src/stm32f4xx_ltdc.c.obj
LOAD CMakeFiles/STM32F4_BOOT.dir/platform/driver/src/stm32f4xx_pwr.c.obj
LOAD CMakeFiles/STM32F4_BOOT.dir/platform/driver/src/stm32f4xx_qspi.c.obj
LOAD CMakeFiles/STM32F4_BOOT.dir/platform/driver/src/stm32f4xx_rcc.c.obj
LOAD CMakeFiles/STM32F4_BOOT.dir/platform/driver/src/stm32f4xx_rng.c.obj
LOAD CMakeFiles/STM32F4_BOOT.dir/platform/driver/src/stm32f4xx_rtc.c.obj
LOAD CMakeFiles/STM32F4_BOOT.dir/platform/driver/src/stm32f4xx_sai.c.obj
LOAD CMakeFiles/STM32F4_BOOT.dir/platform/driver/src/stm32f4xx_sdio.c.obj
LOAD CMakeFiles/STM32F4_BOOT.dir/platform/driver/src/stm32f4xx_spdifrx.c.obj
LOAD CMakeFiles/STM32F4_BOOT.dir/platform/driver/src/stm32f4xx_spi.c.obj
LOAD CMakeFiles/STM32F4_BOOT.dir/platform/driver/src/stm32f4xx_syscfg.c.obj
LOAD CMakeFiles/STM32F4_BOOT.dir/platform/driver/src/stm32f4xx_tim.c.obj
LOAD CMakeFiles/STM32F4_BOOT.dir/platform/driver/src/stm32f4xx_usart.c.obj
LOAD CMakeFiles/STM32F4_BOOT.dir/platform/driver/src/stm32f4xx_wwdg.c.obj
LOAD CMakeFiles/STM32F4_BOOT.dir/third_lib/ringbuffer/ringbuffer8.c.obj
LOAD CMakeFiles/STM32F4_BOOT.dir/boot/app/override/_printf.c.obj
LOAD CMakeFiles/STM32F4_BOOT.dir/boot/app/override/_printf_.c.obj
LOAD CMakeFiles/STM32F4_BOOT.dir/boot/app/override/_putchar.c.obj
LOAD CMakeFiles/STM32F4_BOOT.dir/boot/driver/led/led.c.obj
START GROUP
LOAD /usr/lib/gcc/arm-none-eabi/10.3.1/thumb/v7e-m/nofp/libgcc.a
LOAD /usr/lib/gcc/arm-none-eabi/10.3.1/../../../arm-none-eabi/lib/thumb/v7e-m/nofp/libg_nano.a
LOAD /usr/lib/gcc/arm-none-eabi/10.3.1/../../../arm-none-eabi/lib/thumb/v7e-m/nofp/libc_nano.a
END GROUP
START GROUP
LOAD /usr/lib/gcc/arm-none-eabi/10.3.1/thumb/v7e-m/nofp/libgcc.a
LOAD /usr/lib/gcc/arm-none-eabi/10.3.1/../../../arm-none-eabi/lib/thumb/v7e-m/nofp/libc_nano.a
LOAD /usr/lib/gcc/arm-none-eabi/10.3.1/../../../arm-none-eabi/lib/thumb/v7e-m/nofp/librdimon_nano.a
LOAD /usr/lib/gcc/arm-none-eabi/10.3.1/../../../arm-none-eabi/lib/thumb/v7e-m/nofp/libnosys.a
END GROUP
START GROUP
LOAD /usr/lib/gcc/arm-none-eabi/10.3.1/thumb/v7e-m/nofp/libgcc.a
LOAD /usr/lib/gcc/arm-none-eabi/10.3.1/../../../arm-none-eabi/lib/thumb/v7e-m/nofp/libc_nano.a
LOAD /usr/lib/gcc/arm-none-eabi/10.3.1/../../../arm-none-eabi/lib/thumb/v7e-m/nofp/librdimon_nano.a
END GROUP
START GROUP
LOAD /usr/lib/gcc/arm-none-eabi/10.3.1/thumb/v7e-m/nofp/libgcc.a
LOAD /usr/lib/gcc/arm-none-eabi/10.3.1/../../../arm-none-eabi/lib/thumb/v7e-m/nofp/libc_nano.a
LOAD /usr/lib/gcc/arm-none-eabi/10.3.1/../../../arm-none-eabi/lib/thumb/v7e-m/nofp/libnosys.a
END GROUP
LOAD /usr/lib/gcc/arm-none-eabi/10.3.1/thumb/v7e-m/nofp/crtend.o
LOAD /usr/lib/gcc/arm-none-eabi/10.3.1/thumb/v7e-m/nofp/crtn.o
                0x0000000020020000                _estack = (ORIGIN (RAM) + LENGTH (RAM))
                0x0000000000000200                _Min_Heap_Size = 0x200
                0x0000000000000400                _Min_Stack_Size = 0x400

.isr_vector     0x0000000008000000        0x0
                0x0000000008000000                . = ALIGN (0x4)
 *(.isr_vector)
                0x0000000008000000                . = ALIGN (0x4)

.text           0x0000000008000000       0xa0
                0x0000000008000000                . = ALIGN (0x4)
 *(.text)
 .text          0x0000000008000000       0x88 /usr/lib/gcc/arm-none-eabi/10.3.1/thumb/v7e-m/nofp/crtbegin.o
 *(.text*)
 *(.glue_7)
 .glue_7        0x0000000008000088        0x0 linker stubs
 *(.glue_7t)
 .glue_7t       0x0000000008000088        0x0 linker stubs
 *(.eh_frame)
 .eh_frame      0x0000000008000088        0x0 /usr/lib/gcc/arm-none-eabi/10.3.1/thumb/v7e-m/nofp/crtbegin.o
 *(.init)
 .init          0x0000000008000088        0x4 /usr/lib/gcc/arm-none-eabi/10.3.1/thumb/v7e-m/nofp/crti.o
                0x0000000008000088                _init
 .init          0x000000000800008c        0x8 /usr/lib/gcc/arm-none-eabi/10.3.1/thumb/v7e-m/nofp/crtn.o
 *(.fini)
 .fini          0x0000000008000094        0x4 /usr/lib/gcc/arm-none-eabi/10.3.1/thumb/v7e-m/nofp/crti.o
                0x0000000008000094                _fini
 .fini          0x0000000008000098        0x8 /usr/lib/gcc/arm-none-eabi/10.3.1/thumb/v7e-m/nofp/crtn.o
                0x00000000080000a0                . = ALIGN (0x4)
                0x00000000080000a0                _etext = .

.vfp11_veneer   0x00000000080000a0        0x0
 .vfp11_veneer  0x00000000080000a0        0x0 linker stubs

.v4_bx          0x00000000080000a0        0x0
 .v4_bx         0x00000000080000a0        0x0 linker stubs

.iplt           0x00000000080000a0        0x0
 .iplt          0x00000000080000a0        0x0 /usr/lib/gcc/arm-none-eabi/10.3.1/thumb/v7e-m/nofp/crtbegin.o

.rel.dyn        0x00000000080000a0        0x0
 .rel.iplt      0x00000000080000a0        0x0 /usr/lib/gcc/arm-none-eabi/10.3.1/thumb/v7e-m/nofp/crtbegin.o

.rodata         0x00000000080000a0        0x0
                0x00000000080000a0                . = ALIGN (0x4)
 *(.rodata)
 *(.rodata*)
                0x00000000080000a0                . = ALIGN (0x4)

.ARM.extab
 *(.ARM.extab* .gnu.linkonce.armextab.*)

.ARM            0x00000000080000a0        0x0
                0x00000000080000a0                __exidx_start = .
 *(.ARM.exidx*)
                0x00000000080000a0                __exidx_end = .

.preinit_array  0x00000000080000a0        0x0
                0x00000000080000a0                PROVIDE (__preinit_array_start = .)
 *(.preinit_array*)
                0x00000000080000a0                PROVIDE (__preinit_array_end = .)

.init_array     0x00000000080000a0        0x4
                0x00000000080000a0                PROVIDE (__init_array_start = .)
 *(SORT_BY_NAME(.init_array.*))
 *(.init_array*)
 .init_array    0x00000000080000a0        0x4 /usr/lib/gcc/arm-none-eabi/10.3.1/thumb/v7e-m/nofp/crtbegin.o
                0x00000000080000a4                PROVIDE (__init_array_end = .)

.fini_array     0x00000000080000a4        0x4
                0x00000000080000a4                PROVIDE (__fini_array_start = .)
 *(SORT_BY_NAME(.fini_array.*))
 *(.fini_array*)
 .fini_array    0x00000000080000a4        0x4 /usr/lib/gcc/arm-none-eabi/10.3.1/thumb/v7e-m/nofp/crtbegin.o
                0x00000000080000a8                PROVIDE (__fini_array_end = .)
                0x00000000080000a8                _sidata = LOADADDR (.data)

.data           0x0000000020000000        0x0 load address 0x00000000080000a8
                0x0000000020000000                . = ALIGN (0x4)
                0x0000000020000000                _sdata = .
 *(.data)
 *(.data*)
                0x0000000020000000                . = ALIGN (0x4)
                0x0000000020000000                _edata = .
                0x00000000080000a8                _siccmram = LOADADDR (.ccmram)

.tm_clone_table
                0x0000000020000000        0x0 load address 0x00000000080000a8
 .tm_clone_table
                0x0000000020000000        0x0 /usr/lib/gcc/arm-none-eabi/10.3.1/thumb/v7e-m/nofp/crtbegin.o
 .tm_clone_table
                0x0000000020000000        0x0 /usr/lib/gcc/arm-none-eabi/10.3.1/thumb/v7e-m/nofp/crtend.o

.igot.plt       0x0000000020000000        0x0 load address 0x00000000080000a8
 .igot.plt      0x0000000020000000        0x0 /usr/lib/gcc/arm-none-eabi/10.3.1/thumb/v7e-m/nofp/crtbegin.o

.ccmram         0x0000000010000000        0x0 load address 0x00000000080000a8
                0x0000000010000000                . = ALIGN (0x4)
                0x0000000010000000                _sccmram = .
 *(.ccmram)
 *(.ccmram*)
                0x0000000010000000                . = ALIGN (0x4)
                0x0000000010000000                _eccmram = .
                0x0000000010000000                . = ALIGN (0x4)

.bss            0x0000000020000000       0x1c
                0x0000000020000000                _sbss = .
                0x0000000020000000                __bss_start__ = _sbss
 *(.bss)
 .bss           0x0000000020000000       0x1c /usr/lib/gcc/arm-none-eabi/10.3.1/thumb/v7e-m/nofp/crtbegin.o
 *(.bss*)
 *(COMMON)
                0x000000002000001c                . = ALIGN (0x4)
                0x000000002000001c                _ebss = .
                0x000000002000001c                __bss_end__ = _ebss

._user_heap_stack
                0x000000002000001c      0x604
                0x0000000020000020                . = ALIGN (0x8)
 *fill*         0x000000002000001c        0x4 
                0x0000000020000020                PROVIDE (end = .)
                [!provide]                        PROVIDE (_end = .)
                0x0000000020000220                . = (. + _Min_Heap_Size)
 *fill*         0x0000000020000020      0x200 
                0x0000000020000620                . = (. + _Min_Stack_Size)
 *fill*         0x0000000020000220      0x400 
                0x0000000020000620                . = ALIGN (0x8)

/DISCARD/
 libc.a(*)
 libm.a(*)
 libgcc.a(*)

.ARM.attributes
                0x0000000000000000       0x2a
 *(.ARM.attributes)
 .ARM.attributes
                0x0000000000000000       0x1e /usr/lib/gcc/arm-none-eabi/10.3.1/thumb/v7e-m/nofp/crti.o
 .ARM.attributes
                0x000000000000001e       0x2e /usr/lib/gcc/arm-none-eabi/10.3.1/thumb/v7e-m/nofp/crtbegin.o
 .ARM.attributes
                0x000000000000004c       0x2e /usr/lib/gcc/arm-none-eabi/10.3.1/thumb/v7e-m/nofp/crtend.o
 .ARM.attributes
                0x000000000000007a       0x1e /usr/lib/gcc/arm-none-eabi/10.3.1/thumb/v7e-m/nofp/crtn.o
OUTPUT(STM32F4_BOOT elf32-littlearm)
LOAD linker stubs
LOAD /usr/lib/gcc/arm-none-eabi/10.3.1/../../../arm-none-eabi/lib/thumb/v7e-m/nofp/libc.a
LOAD /usr/lib/gcc/arm-none-eabi/10.3.1/../../../arm-none-eabi/lib/thumb/v7e-m/nofp/libm.a
LOAD /usr/lib/gcc/arm-none-eabi/10.3.1/thumb/v7e-m/nofp/libgcc.a

.comment        0x0000000000000000       0x33
 .comment       0x0000000000000000       0x33 /usr/lib/gcc/arm-none-eabi/10.3.1/thumb/v7e-m/nofp/crtbegin.o
                                         0x34 (size before relaxing)
 .comment       0x0000000000000033       0x34 /usr/lib/gcc/arm-none-eabi/10.3.1/thumb/v7e-m/nofp/crtend.o
